2026-09-03 15:02:44,829 [INFO] Using device: cuda:0
2026-09-03 15:03:52,172 [INFO] Dataset CUB loaded
2026-09-03 15:04:02,195 [INFO] Model initialized: clip_cbm
2026-09-03 15:04:02,195 [INFO] Total parameters: 427,679,737 | Trainable: 63,224
2026-09-03 15:04:02,225 [INFO] Cached features - train: 5,990, source test: 5,790, target test: 3,047
2026-09-03 15:04:02,230 [INFO] 
============================================================
2026-09-03 15:04:02,230 [INFO] Starting Training for 50 epochs
2026-09-03 15:04:02,230 [INFO] Dataset: CUB
2026-09-03 15:04:02,230 [INFO] Model: clip_cbm
2026-09-03 15:04:02,230 [INFO] Alpha: 1.0, Beta: 0
2026-09-03 15:04:02,230 [INFO] ============================================================

2026-09-03 15:04:04,645 [INFO] Epoch 1 Summary: Time: 2.42s | Train Acc: 1.04% | Source Acc: 2.94% | Target Acc: 2.17% | Best Target Acc: 2.17% @ Epoch 1
2026-09-03 15:04:10,808 [INFO] Epoch 2 Summary: Time: 6.16s | Train Acc: 7.46% | Source Acc: 14.20% | Target Acc: 9.32% | Best Target Acc: 9.32% @ Epoch 2
2026-09-03 15:04:16,974 [INFO] Epoch 3 Summary: Time: 6.17s | Train Acc: 19.97% | Source Acc: 26.48% | Target Acc: 18.21% | Best Target Acc: 18.21% @ Epoch 3
2026-09-03 15:04:23,112 [INFO] Epoch 4 Summary: Time: 6.14s | Train Acc: 31.82% | Source Acc: 36.65% | Target Acc: 24.81% | Best Target Acc: 24.81% @ Epoch 4
2026-09-03 15:04:29,198 [INFO] Epoch 5 Summary: Time: 6.08s | Train Acc: 42.45% | Source Acc: 46.15% | Target Acc: 30.55% | Best Target Acc: 30.55% @ Epoch 5
2026-09-03 15:04:35,309 [INFO] Epoch 6 Summary: Time: 6.11s | Train Acc: 51.82% | Source Acc: 53.30% | Target Acc: 35.15% | Best Target Acc: 35.15% @ Epoch 6
2026-09-03 15:04:41,650 [INFO] Epoch 7 Summary: Time: 6.34s | Train Acc: 57.68% | Source Acc: 58.05% | Target Acc: 39.91% | Best Target Acc: 39.91% @ Epoch 7
2026-09-03 15:04:47,733 [INFO] Epoch 8 Summary: Time: 6.08s | Train Acc: 62.04% | Source Acc: 61.92% | Target Acc: 42.34% | Best Target Acc: 42.34% @ Epoch 8
2026-09-03 15:04:53,912 [INFO] Epoch 9 Summary: Time: 6.18s | Train Acc: 65.04% | Source Acc: 65.01% | Target Acc: 44.11% | Best Target Acc: 44.11% @ Epoch 9
2026-09-03 15:04:59,887 [INFO] Epoch 10 Summary: Time: 5.97s | Train Acc: 69.30% | Source Acc: 66.93% | Target Acc: 46.01% | Best Target Acc: 46.01% @ Epoch 10
2026-09-03 15:05:05,870 [INFO] Epoch 11 Summary: Time: 5.98s | Train Acc: 71.50% | Source Acc: 68.74% | Target Acc: 47.78% | Best Target Acc: 47.78% @ Epoch 11
2026-09-03 15:05:11,830 [INFO] Epoch 12 Summary: Time: 5.96s | Train Acc: 73.26% | Source Acc: 70.09% | Target Acc: 48.34% | Best Target Acc: 48.34% @ Epoch 12
2026-09-03 15:05:17,900 [INFO] Epoch 13 Summary: Time: 6.07s | Train Acc: 74.14% | Source Acc: 71.17% | Target Acc: 49.69% | Best Target Acc: 49.69% @ Epoch 13
2026-09-03 15:05:23,970 [INFO] Epoch 14 Summary: Time: 6.07s | Train Acc: 75.44% | Source Acc: 72.64% | Target Acc: 50.41% | Best Target Acc: 50.41% @ Epoch 14
2026-09-03 15:05:30,026 [INFO] Epoch 15 Summary: Time: 6.06s | Train Acc: 76.86% | Source Acc: 73.61% | Target Acc: 51.53% | Best Target Acc: 51.53% @ Epoch 15
2026-09-03 15:05:36,004 [INFO] Epoch 16 Summary: Time: 5.98s | Train Acc: 77.66% | Source Acc: 74.59% | Target Acc: 51.59% | Best Target Acc: 51.59% @ Epoch 16
2026-09-03 15:05:42,013 [INFO] Epoch 17 Summary: Time: 6.01s | Train Acc: 78.98% | Source Acc: 74.97% | Target Acc: 52.71% | Best Target Acc: 52.71% @ Epoch 17
2026-09-03 15:05:48,098 [INFO] Epoch 18 Summary: Time: 6.09s | Train Acc: 79.13% | Source Acc: 75.73% | Target Acc: 53.13% | Best Target Acc: 53.13% @ Epoch 18
2026-09-03 15:05:54,240 [INFO] Epoch 19 Summary: Time: 6.14s | Train Acc: 80.17% | Source Acc: 76.22% | Target Acc: 53.27% | Best Target Acc: 53.27% @ Epoch 19
2026-09-03 15:06:00,374 [INFO] Epoch 20 Summary: Time: 6.13s | Train Acc: 80.35% | Source Acc: 76.99% | Target Acc: 53.53% | Best Target Acc: 53.53% @ Epoch 20
2026-09-03 15:06:06,477 [INFO] Epoch 21 Summary: Time: 6.10s | Train Acc: 81.17% | Source Acc: 77.27% | Target Acc: 53.92% | Best Target Acc: 53.92% @ Epoch 21
2026-09-03 15:06:12,405 [INFO] Epoch 22 Summary: Time: 5.93s | Train Acc: 81.44% | Source Acc: 77.53% | Target Acc: 54.18% | Best Target Acc: 54.18% @ Epoch 22
2026-09-03 15:06:18,432 [INFO] Epoch 23 Summary: Time: 6.03s | Train Acc: 81.99% | Source Acc: 78.00% | Target Acc: 54.71% | Best Target Acc: 54.71% @ Epoch 23
2026-09-03 15:06:24,508 [INFO] Epoch 24 Summary: Time: 6.07s | Train Acc: 82.14% | Source Acc: 78.32% | Target Acc: 55.10% | Best Target Acc: 55.10% @ Epoch 24
2026-09-03 15:06:30,653 [INFO] Epoch 25 Summary: Time: 6.15s | Train Acc: 83.07% | Source Acc: 78.62% | Target Acc: 55.43% | Best Target Acc: 55.43% @ Epoch 25
2026-09-03 15:06:36,814 [INFO] Epoch 26 Summary: Time: 6.16s | Train Acc: 83.19% | Source Acc: 78.74% | Target Acc: 55.76% | Best Target Acc: 55.76% @ Epoch 26
2026-09-03 15:06:37,840 [INFO] Epoch 27 Summary: Time: 1.03s | Train Acc: 83.77% | Source Acc: 78.93% | Target Acc: 55.56% | Best Target Acc: 55.76% @ Epoch 26
2026-09-03 15:06:43,928 [INFO] Epoch 28 Summary: Time: 6.09s | Train Acc: 83.52% | Source Acc: 79.19% | Target Acc: 56.28% | Best Target Acc: 56.28% @ Epoch 28
2026-09-03 15:06:50,110 [INFO] Epoch 29 Summary: Time: 6.18s | Train Acc: 84.36% | Source Acc: 79.50% | Target Acc: 56.51% | Best Target Acc: 56.51% @ Epoch 29
2026-09-03 15:06:56,220 [INFO] Epoch 30 Summary: Time: 6.11s | Train Acc: 84.26% | Source Acc: 79.79% | Target Acc: 56.58% | Best Target Acc: 56.58% @ Epoch 30
2026-09-03 15:07:02,399 [INFO] Epoch 31 Summary: Time: 6.18s | Train Acc: 84.77% | Source Acc: 79.93% | Target Acc: 56.78% | Best Target Acc: 56.78% @ Epoch 31
2026-09-03 15:07:08,536 [INFO] Epoch 32 Summary: Time: 6.14s | Train Acc: 84.64% | Source Acc: 79.76% | Target Acc: 57.04% | Best Target Acc: 57.04% @ Epoch 32
2026-09-03 15:07:14,626 [INFO] Epoch 33 Summary: Time: 6.09s | Train Acc: 85.26% | Source Acc: 79.71% | Target Acc: 57.14% | Best Target Acc: 57.14% @ Epoch 33
2026-09-03 15:07:20,826 [INFO] Epoch 34 Summary: Time: 6.20s | Train Acc: 85.43% | Source Acc: 80.19% | Target Acc: 57.37% | Best Target Acc: 57.37% @ Epoch 34
2026-09-03 15:07:21,860 [INFO] Epoch 35 Summary: Time: 1.03s | Train Acc: 85.39% | Source Acc: 80.12% | Target Acc: 57.24% | Best Target Acc: 57.37% @ Epoch 34
2026-09-03 15:07:28,006 [INFO] Epoch 36 Summary: Time: 6.15s | Train Acc: 85.79% | Source Acc: 80.31% | Target Acc: 57.70% | Best Target Acc: 57.70% @ Epoch 36
2026-09-03 15:07:34,153 [INFO] Epoch 37 Summary: Time: 6.15s | Train Acc: 86.08% | Source Acc: 80.24% | Target Acc: 57.83% | Best Target Acc: 57.83% @ Epoch 37
2026-09-03 15:07:35,190 [INFO] Epoch 38 Summary: Time: 1.04s | Train Acc: 86.16% | Source Acc: 80.62% | Target Acc: 57.76% | Best Target Acc: 57.83% @ Epoch 37
2026-09-03 15:07:41,271 [INFO] Epoch 39 Summary: Time: 6.08s | Train Acc: 86.34% | Source Acc: 80.59% | Target Acc: 58.22% | Best Target Acc: 58.22% @ Epoch 39
2026-09-03 15:07:47,590 [INFO] Epoch 40 Summary: Time: 6.32s | Train Acc: 86.74% | Source Acc: 80.90% | Target Acc: 58.35% | Best Target Acc: 58.35% @ Epoch 40
2026-09-03 15:07:48,546 [INFO] Epoch 41 Summary: Time: 0.96s | Train Acc: 86.48% | Source Acc: 80.85% | Target Acc: 58.29% | Best Target Acc: 58.35% @ Epoch 40
2026-09-03 15:07:49,495 [INFO] Epoch 42 Summary: Time: 0.95s | Train Acc: 86.78% | Source Acc: 80.74% | Target Acc: 58.29% | Best Target Acc: 58.35% @ Epoch 40
2026-09-03 15:07:55,523 [INFO] Epoch 43 Summary: Time: 6.03s | Train Acc: 86.99% | Source Acc: 80.90% | Target Acc: 58.62% | Best Target Acc: 58.62% @ Epoch 43
2026-09-03 15:07:56,486 [INFO] Epoch 44 Summary: Time: 0.96s | Train Acc: 87.10% | Source Acc: 81.00% | Target Acc: 58.52% | Best Target Acc: 58.62% @ Epoch 43
2026-09-03 15:08:02,553 [INFO] Epoch 45 Summary: Time: 6.07s | Train Acc: 87.21% | Source Acc: 81.17% | Target Acc: 58.65% | Best Target Acc: 58.65% @ Epoch 45
2026-09-03 15:08:08,738 [INFO] Epoch 46 Summary: Time: 6.18s | Train Acc: 87.53% | Source Acc: 81.24% | Target Acc: 59.07% | Best Target Acc: 59.07% @ Epoch 46
2026-09-03 15:08:09,711 [INFO] Epoch 47 Summary: Time: 0.97s | Train Acc: 87.56% | Source Acc: 81.33% | Target Acc: 58.78% | Best Target Acc: 59.07% @ Epoch 46
2026-09-03 15:08:10,660 [INFO] Epoch 48 Summary: Time: 0.95s | Train Acc: 87.85% | Source Acc: 81.52% | Target Acc: 59.01% | Best Target Acc: 59.07% @ Epoch 46
2026-09-03 15:08:11,610 [INFO] Epoch 49 Summary: Time: 0.95s | Train Acc: 87.71% | Source Acc: 81.33% | Target Acc: 58.65% | Best Target Acc: 59.07% @ Epoch 46
2026-09-03 15:08:12,566 [INFO] Epoch 50 Summary: Time: 0.96s | Train Acc: 87.85% | Source Acc: 81.55% | Target Acc: 58.68% | Best Target Acc: 59.07% @ Epoch 46
2026-09-03 15:08:12,566 [INFO] 
============================================================
2026-09-03 15:08:12,566 [INFO] Training Completed
2026-09-03 15:08:12,566 [INFO] Best Source Accuracy: 81.24%
2026-09-03 15:08:12,566 [INFO] Best Target Accuracy: 59.07%
2026-09-03 15:08:12,566 [INFO] ============================================================
