2026-08-01 17:33:28,511 [INFO] Using device: cuda:0
2026-08-01 17:34:47,571 [ERROR] Critical error occurred: batch_size should be a positive integer value, but got batch_size=64
Traceback (most recent call last):
  File "C:\Users\dular\Documents\GitHub\CBMs for continual DG\external\LanCE\main.py", line 295, in <module>
    session = TrainingSession(args)
              ^^^^^^^^^^^^^^^^^^^^^
  File "C:\Users\dular\Documents\GitHub\CBMs for continual DG\external\LanCE\main.py", line 36, in __init__
    self._init_components()
  File "C:\Users\dular\Documents\GitHub\CBMs for continual DG\external\LanCE\main.py", line 52, in _init_components
    self._prepare_datasets()
  File "C:\Users\dular\Documents\GitHub\CBMs for continual DG\external\LanCE\main.py", line 59, in _prepare_datasets
    self.train_dataset, self.train_loader, self.source_test_dataset, self.source_test_loader, self.target_test_dataset, self.target_test_loader = get_dataset_classes(self.args)
                                                                                                                                                  ^^^^^^^^^^^^^^^^^^^^^^^^^^^^^^
  File "C:\Users\dular\Documents\GitHub\CBMs for continual DG\external\LanCE\data\__init__.py", line 21, in get_dataset_classes
    train_loader = DataLoader(train_dataset, batch_size=args.batch_size, shuffle=True, num_workers=8)
                   ^^^^^^^^^^^^^^^^^^^^^^^^^^^^^^^^^^^^^^^^^^^^^^^^^^^^^^^^^^^^^^^^^^^^^^^^^^^^^^^^^^
  File "C:\Users\dular\miniconda3\envs\mlgpu\Lib\site-packages\torch\utils\data\dataloader.py", line 400, in __init__
    batch_sampler = BatchSampler(sampler, batch_size, drop_last)
                    ^^^^^^^^^^^^^^^^^^^^^^^^^^^^^^^^^^^^^^^^^^^^
  File "C:\Users\dular\miniconda3\envs\mlgpu\Lib\site-packages\torch\utils\data\sampler.py", line 322, in __init__
    raise ValueError(
ValueError: batch_size should be a positive integer value, but got batch_size=64
2026-08-01 17:35:17,438 [INFO] Using device: cuda:0
2026-08-01 17:36:42,729 [INFO] Dataset CUB loaded
2026-08-01 17:36:42,729 [INFO] Train samples: 5,990
2026-08-01 17:36:42,730 [INFO] Source test samples: 91
2026-08-01 17:36:42,730 [INFO] Target test samples: 3,047
2026-08-01 17:36:47,009 [INFO] Model initialized: clip_cbm
2026-08-01 17:36:47,009 [INFO] Total parameters: 427,679,737
2026-08-01 17:36:47,009 [INFO] Trainable parameters: 63,224
2026-08-01 17:36:47,010 [INFO] Optimizer initialized with lr=1.0e-04
2026-08-01 17:36:47,010 [INFO] Loss functions initialized
2026-08-01 17:36:47,010 [INFO] 
============================================================
2026-08-01 17:36:47,010 [INFO] Starting Training for 2.0 epochs
2026-08-01 17:36:47,010 [INFO] Dataset: CUB
2026-08-01 17:36:47,010 [INFO] Model: clip_cbm
2026-08-01 17:36:47,010 [INFO] Alpha: 0.0, Beta: 0
2026-08-01 17:36:47,010 [INFO] ============================================================

2026-08-01 17:36:47,010 [ERROR] Training interrupted: 'float' object cannot be interpreted as an integer
Traceback (most recent call last):
  File "C:\Users\dular\Documents\GitHub\CBMs for continual DG\external\LanCE\main.py", line 225, in run
    for epoch in range(self.args.epochs):
                 ^^^^^^^^^^^^^^^^^^^^^^^
TypeError: 'float' object cannot be interpreted as an integer
2026-08-01 17:36:47,011 [INFO] 
============================================================
2026-08-01 17:36:47,011 [INFO] Training Completed
2026-08-01 17:36:47,011 [INFO] Best Source Accuracy: 0.00%
2026-08-01 17:36:47,011 [INFO] Best Target Accuracy: 0.00%
2026-08-01 17:36:47,011 [INFO] ============================================================
2026-08-01 17:37:25,795 [INFO] Using device: cuda:0
2026-08-01 17:38:50,849 [INFO] Dataset CUB loaded
2026-08-01 17:38:50,849 [INFO] Train samples: 5,990
2026-08-01 17:38:50,849 [INFO] Source test samples: 91
2026-08-01 17:38:50,849 [INFO] Target test samples: 3,047
2026-08-01 17:38:54,818 [INFO] Model initialized: clip_cbm
2026-08-01 17:38:54,818 [INFO] Total parameters: 427,679,737
2026-08-01 17:38:54,818 [INFO] Trainable parameters: 63,224
2026-08-01 17:38:54,819 [INFO] Optimizer initialized with lr=1.0e-04
2026-08-01 17:38:54,819 [INFO] Loss functions initialized
2026-08-01 17:38:54,819 [INFO] 
============================================================
2026-08-01 17:38:54,819 [INFO] Starting Training for 2 epochs
2026-08-01 17:38:54,819 [INFO] Dataset: CUB
2026-08-01 17:38:54,819 [INFO] Model: clip_cbm
2026-08-01 17:38:54,819 [INFO] Alpha: 0.0, Beta: 0
2026-08-01 17:38:54,819 [INFO] ============================================================

2026-08-01 17:39:19,826 [ERROR] Training interrupted: Target size (torch.Size([64, 77])) must be the same as input size (torch.Size([64, 312]))
Traceback (most recent call last):
  File "C:\Users\dular\Documents\GitHub\CBMs for continual DG\external\LanCE\main.py", line 228, in run
    train_metrics = self._train_epoch(epoch)
                    ^^^^^^^^^^^^^^^^^^^^^^^^
  File "C:\Users\dular\Documents\GitHub\CBMs for continual DG\external\LanCE\main.py", line 145, in _train_epoch
    concept_loss = self.loss_fns['concept'](concept_preds, attr_labels)
                   ^^^^^^^^^^^^^^^^^^^^^^^^^^^^^^^^^^^^^^^^^^^^^^^^^^^^
  File "C:\Users\dular\miniconda3\envs\mlgpu\Lib\site-packages\torch\nn\modules\module.py", line 1779, in _wrapped_call_impl
    return self._call_impl(*args, **kwargs)
           ^^^^^^^^^^^^^^^^^^^^^^^^^^^^^^^^
  File "C:\Users\dular\miniconda3\envs\mlgpu\Lib\site-packages\torch\nn\modules\module.py", line 1790, in _call_impl
    return forward_call(*args, **kwargs)
           ^^^^^^^^^^^^^^^^^^^^^^^^^^^^^
  File "C:\Users\dular\miniconda3\envs\mlgpu\Lib\site-packages\torch\nn\modules\loss.py", line 834, in forward
    return F.binary_cross_entropy_with_logits(
           ^^^^^^^^^^^^^^^^^^^^^^^^^^^^^^^^^^^
  File "C:\Users\dular\miniconda3\envs\mlgpu\Lib\site-packages\torch\nn\functional.py", line 3638, in binary_cross_entropy_with_logits
    raise ValueError(
ValueError: Target size (torch.Size([64, 77])) must be the same as input size (torch.Size([64, 312]))
2026-08-01 17:39:19,830 [INFO] 
============================================================
2026-08-01 17:39:19,830 [INFO] Training Completed
2026-08-01 17:39:19,830 [INFO] Best Source Accuracy: 0.00%
2026-08-01 17:39:19,830 [INFO] Best Target Accuracy: 0.00%
2026-08-01 17:39:19,830 [INFO] ============================================================
2026-08-01 17:40:17,101 [INFO] Using device: cuda:0
2026-08-01 17:41:42,096 [INFO] Dataset CUB loaded
2026-08-01 17:41:42,096 [INFO] Train samples: 5,990
2026-08-01 17:41:42,096 [INFO] Source test samples: 91
2026-08-01 17:41:42,096 [INFO] Target test samples: 3,047
2026-08-01 17:41:46,288 [INFO] Model initialized: clip_cbm
2026-08-01 17:41:46,288 [INFO] Total parameters: 427,679,737
2026-08-01 17:41:46,289 [INFO] Trainable parameters: 63,224
2026-08-01 17:41:46,289 [INFO] Optimizer initialized with lr=1.0e-04
2026-08-01 17:41:46,289 [INFO] Loss functions initialized
2026-08-01 17:41:46,289 [INFO] 
============================================================
2026-08-01 17:41:46,289 [INFO] Starting Training for 2 epochs
2026-08-01 17:41:46,289 [INFO] Dataset: CUB
2026-08-01 17:41:46,289 [INFO] Model: clip_cbm
2026-08-01 17:41:46,289 [INFO] Alpha: 0.0, Beta: 0
2026-08-01 17:41:46,289 [INFO] ============================================================

2026-08-01 17:44:50,068 [ERROR] Training interrupted: Target size (torch.Size([64, 200])) must be the same as input size (torch.Size([64, 312]))
Traceback (most recent call last):
  File "C:\Users\dular\Documents\GitHub\CBMs for continual DG\external\LanCE\main.py", line 231, in run
    target_metrics = self._evaluate(self.target_test_loader, 'target')
                     ^^^^^^^^^^^^^^^^^^^^^^^^^^^^^^^^^^^^^^^^^^^^^^^^^
  File "C:\Users\dular\Documents\GitHub\CBMs for continual DG\external\LanCE\main.py", line 192, in _evaluate
    concept_loss = self.loss_fns['concept'](concept_preds, attr_labels)
                   ^^^^^^^^^^^^^^^^^^^^^^^^^^^^^^^^^^^^^^^^^^^^^^^^^^^^
  File "C:\Users\dular\miniconda3\envs\mlgpu\Lib\site-packages\torch\nn\modules\module.py", line 1779, in _wrapped_call_impl
    return self._call_impl(*args, **kwargs)
           ^^^^^^^^^^^^^^^^^^^^^^^^^^^^^^^^
  File "C:\Users\dular\miniconda3\envs\mlgpu\Lib\site-packages\torch\nn\modules\module.py", line 1790, in _call_impl
    return forward_call(*args, **kwargs)
           ^^^^^^^^^^^^^^^^^^^^^^^^^^^^^
  File "C:\Users\dular\miniconda3\envs\mlgpu\Lib\site-packages\torch\nn\modules\loss.py", line 834, in forward
    return F.binary_cross_entropy_with_logits(
           ^^^^^^^^^^^^^^^^^^^^^^^^^^^^^^^^^^^
  File "C:\Users\dular\miniconda3\envs\mlgpu\Lib\site-packages\torch\nn\functional.py", line 3638, in binary_cross_entropy_with_logits
    raise ValueError(
ValueError: Target size (torch.Size([64, 200])) must be the same as input size (torch.Size([64, 312]))
2026-08-01 17:44:50,069 [INFO] 
============================================================
2026-08-01 17:44:50,069 [INFO] Training Completed
2026-08-01 17:44:50,069 [INFO] Best Source Accuracy: 0.00%
2026-08-01 17:44:50,069 [INFO] Best Target Accuracy: 0.00%
2026-08-01 17:44:50,069 [INFO] ============================================================
2026-08-01 17:45:24,675 [INFO] Using device: cuda:0
2026-08-01 17:46:49,458 [INFO] Dataset CUB loaded
2026-08-01 17:46:49,458 [INFO] Train samples: 5,990
2026-08-01 17:46:49,458 [INFO] Source test samples: 91
2026-08-01 17:46:49,458 [INFO] Target test samples: 3,047
2026-08-01 17:46:53,627 [INFO] Model initialized: clip_cbm
2026-08-01 17:46:53,628 [INFO] Total parameters: 427,679,737
2026-08-01 17:46:53,628 [INFO] Trainable parameters: 63,224
2026-08-01 17:46:53,628 [INFO] Optimizer initialized with lr=1.0e-04
2026-08-01 17:46:53,628 [INFO] Loss functions initialized
2026-08-01 17:46:53,628 [INFO] 
============================================================
2026-08-01 17:46:53,628 [INFO] Starting Training for 2 epochs
2026-08-01 17:46:53,628 [INFO] Dataset: CUB
2026-08-01 17:46:53,628 [INFO] Model: clip_cbm
2026-08-01 17:46:53,628 [INFO] Alpha: 0.0, Beta: 0
2026-08-01 17:46:53,629 [INFO] ============================================================

2026-08-01 17:50:24,981 [INFO] 
--------------------------------------------------
2026-08-01 17:50:24,982 [INFO] Epoch 1 Summary:
2026-08-01 17:50:24,982 [INFO] Time: 211.35s
2026-08-01 17:50:24,982 [INFO] Train Acc: 2.02%
2026-08-01 17:50:24,982 [INFO] Source Acc: 5.65%
2026-08-01 17:50:24,982 [INFO] Target Acc: 2.76%
2026-08-01 17:50:24,982 [INFO] Best Target Acc: 2.76% @ Epoch 1
2026-08-01 17:50:24,982 [INFO] --------------------------------------------------
2026-08-01 17:53:57,653 [INFO] 
--------------------------------------------------
2026-08-01 17:53:57,653 [INFO] Epoch 2 Summary:
2026-08-01 17:53:57,653 [INFO] Time: 212.67s
2026-08-01 17:53:57,653 [INFO] Train Acc: 9.52%
2026-08-01 17:53:57,653 [INFO] Source Acc: 15.87%
2026-08-01 17:53:57,653 [INFO] Target Acc: 8.43%
2026-08-01 17:53:57,653 [INFO] Best Target Acc: 8.43% @ Epoch 2
2026-08-01 17:53:57,653 [INFO] --------------------------------------------------
2026-08-01 17:53:57,653 [INFO] 
============================================================
2026-08-01 17:53:57,653 [INFO] Training Completed
2026-08-01 17:53:57,653 [INFO] Best Source Accuracy: 15.87%
2026-08-01 17:53:57,653 [INFO] Best Target Accuracy: 8.43%
2026-08-01 17:53:57,653 [INFO] ============================================================
2026-08-01 17:54:31,419 [INFO] Using device: cuda:0
2026-08-01 17:54:54,863 [INFO] Using device: cuda:0
2026-08-01 17:56:59,632 [INFO] Dataset CUB loaded
2026-08-01 17:56:59,632 [INFO] Train samples: 5,990
2026-08-01 17:56:59,632 [INFO] Source test samples: 91
2026-08-01 17:56:59,632 [INFO] Target test samples: 3,047
2026-08-01 17:57:04,719 [INFO] Model initialized: clip_cbm
2026-08-01 17:57:04,719 [INFO] Total parameters: 427,679,737
2026-08-01 17:57:04,719 [INFO] Trainable parameters: 63,224
2026-08-01 17:57:04,720 [INFO] Optimizer initialized with lr=1.0e-04
2026-08-01 17:57:04,720 [INFO] Loss functions initialized
2026-08-01 17:57:04,720 [INFO] 
============================================================
2026-08-01 17:57:04,720 [INFO] Starting Training for 50 epochs
2026-08-01 17:57:04,720 [INFO] Dataset: CUB
2026-08-01 17:57:04,720 [INFO] Model: clip_cbm
2026-08-01 17:57:04,720 [INFO] Alpha: 0.0, Beta: 0
2026-08-01 17:57:04,720 [INFO] ============================================================

2026-08-01 17:57:24,998 [INFO] Dataset CUB loaded
2026-08-01 17:57:24,998 [INFO] Train samples: 5,990
2026-08-01 17:57:24,998 [INFO] Source test samples: 91
2026-08-01 17:57:24,998 [INFO] Target test samples: 3,047
2026-08-01 17:57:29,164 [INFO] Model initialized: clip_cbm
2026-08-01 17:57:29,164 [INFO] Total parameters: 427,679,737
2026-08-01 17:57:29,164 [INFO] Trainable parameters: 63,224
2026-08-01 17:57:29,164 [INFO] Optimizer initialized with lr=1.0e-04
2026-08-01 17:57:29,165 [INFO] Loss functions initialized
2026-08-01 17:57:29,165 [INFO] 
============================================================
2026-08-01 17:57:29,165 [INFO] Starting Training for 50 epochs
2026-08-01 17:57:29,165 [INFO] Dataset: CUB
2026-08-01 17:57:29,165 [INFO] Model: clip_cbm
2026-08-01 17:57:29,165 [INFO] Alpha: 1.0, Beta: 0
2026-08-01 17:57:29,165 [INFO] ============================================================

2026-08-01 18:02:43,464 [INFO] 
--------------------------------------------------
2026-08-01 18:02:43,466 [INFO] Epoch 1 Summary:
2026-08-01 18:02:43,466 [INFO] Time: 338.74s
2026-08-01 18:02:43,466 [INFO] Train Acc: 2.02%
2026-08-01 18:02:43,466 [INFO] Source Acc: 5.65%
2026-08-01 18:02:43,466 [INFO] Target Acc: 2.76%
2026-08-01 18:02:43,466 [INFO] Best Target Acc: 2.76% @ Epoch 1
2026-08-01 18:02:43,466 [INFO] --------------------------------------------------
2026-08-01 18:03:02,652 [INFO] 
--------------------------------------------------
2026-08-01 18:03:02,653 [INFO] Epoch 1 Summary:
2026-08-01 18:03:02,653 [INFO] Time: 333.49s
2026-08-01 18:03:02,653 [INFO] Train Acc: 2.00%
2026-08-01 18:03:02,653 [INFO] Source Acc: 5.39%
2026-08-01 18:03:02,654 [INFO] Target Acc: 2.86%
2026-08-01 18:03:02,654 [INFO] Best Target Acc: 2.86% @ Epoch 1
2026-08-01 18:03:02,654 [INFO] --------------------------------------------------
2026-08-01 18:08:35,654 [INFO] 
--------------------------------------------------
2026-08-01 18:08:35,654 [INFO] Epoch 2 Summary:
2026-08-01 18:08:35,654 [INFO] Time: 352.19s
2026-08-01 18:08:35,654 [INFO] Train Acc: 9.52%
2026-08-01 18:08:35,654 [INFO] Source Acc: 15.87%
2026-08-01 18:08:35,654 [INFO] Target Acc: 8.43%
2026-08-01 18:08:35,654 [INFO] Best Target Acc: 8.43% @ Epoch 2
2026-08-01 18:08:35,654 [INFO] --------------------------------------------------
2026-08-01 18:08:50,734 [INFO] 
--------------------------------------------------
2026-08-01 18:08:50,735 [INFO] Epoch 2 Summary:
2026-08-01 18:08:50,735 [INFO] Time: 348.08s
2026-08-01 18:08:50,735 [INFO] Train Acc: 9.55%
2026-08-01 18:08:50,735 [INFO] Source Acc: 16.34%
2026-08-01 18:08:50,735 [INFO] Target Acc: 10.37%
2026-08-01 18:08:50,735 [INFO] Best Target Acc: 10.37% @ Epoch 2
2026-08-01 18:08:50,735 [INFO] --------------------------------------------------
2026-08-01 18:14:41,324 [INFO] 
--------------------------------------------------
2026-08-01 18:14:41,324 [INFO] Epoch 3 Summary:
2026-08-01 18:14:41,324 [INFO] Time: 365.67s
2026-08-01 18:14:41,324 [INFO] Train Acc: 21.17%
2026-08-01 18:14:41,324 [INFO] Source Acc: 26.96%
2026-08-01 18:14:41,324 [INFO] Target Acc: 15.59%
2026-08-01 18:14:41,324 [INFO] Best Target Acc: 15.59% @ Epoch 3
2026-08-01 18:14:41,325 [INFO] --------------------------------------------------
2026-08-01 18:14:53,575 [INFO] 
--------------------------------------------------
2026-08-01 18:14:53,575 [INFO] Epoch 3 Summary:
2026-08-01 18:14:53,575 [INFO] Time: 362.84s
2026-08-01 18:14:53,575 [INFO] Train Acc: 21.42%
2026-08-01 18:14:53,575 [INFO] Source Acc: 27.96%
2026-08-01 18:14:53,576 [INFO] Target Acc: 17.66%
2026-08-01 18:14:53,576 [INFO] Best Target Acc: 17.66% @ Epoch 3
2026-08-01 18:14:53,576 [INFO] --------------------------------------------------
2026-08-01 18:20:49,615 [INFO] 
--------------------------------------------------
2026-08-01 18:20:49,615 [INFO] Epoch 4 Summary:
2026-08-01 18:20:49,615 [INFO] Time: 368.29s
2026-08-01 18:20:49,615 [INFO] Train Acc: 31.37%
2026-08-01 18:20:49,615 [INFO] Source Acc: 35.91%
2026-08-01 18:20:49,616 [INFO] Target Acc: 21.40%
2026-08-01 18:20:49,616 [INFO] Best Target Acc: 21.40% @ Epoch 4
2026-08-01 18:20:49,616 [INFO] --------------------------------------------------
2026-08-01 18:21:00,116 [INFO] 
--------------------------------------------------
2026-08-01 18:21:00,116 [INFO] Epoch 4 Summary:
2026-08-01 18:21:00,116 [INFO] Time: 366.54s
2026-08-01 18:21:00,116 [INFO] Train Acc: 32.27%
2026-08-01 18:21:00,116 [INFO] Source Acc: 36.89%
2026-08-01 18:21:00,116 [INFO] Target Acc: 23.89%
2026-08-01 18:21:00,116 [INFO] Best Target Acc: 23.89% @ Epoch 4
2026-08-01 18:21:00,116 [INFO] --------------------------------------------------
2026-08-01 18:27:09,430 [INFO] 
--------------------------------------------------
2026-08-01 18:27:09,430 [INFO] Epoch 5 Summary:
2026-08-01 18:27:09,430 [INFO] Time: 379.81s
2026-08-01 18:27:09,430 [INFO] Train Acc: 40.63%
2026-08-01 18:27:09,430 [INFO] Source Acc: 43.83%
2026-08-01 18:27:09,430 [INFO] Target Acc: 26.85%
2026-08-01 18:27:09,430 [INFO] Best Target Acc: 26.85% @ Epoch 5
2026-08-01 18:27:09,430 [INFO] --------------------------------------------------
2026-08-01 18:27:16,693 [INFO] 
--------------------------------------------------
2026-08-01 18:27:16,693 [INFO] Epoch 5 Summary:
2026-08-01 18:27:16,693 [INFO] Time: 376.58s
2026-08-01 18:27:16,693 [INFO] Train Acc: 41.24%
2026-08-01 18:27:16,693 [INFO] Source Acc: 44.66%
2026-08-01 18:27:16,693 [INFO] Target Acc: 29.77%
2026-08-01 18:27:16,693 [INFO] Best Target Acc: 29.77% @ Epoch 5
2026-08-01 18:27:16,694 [INFO] --------------------------------------------------
2026-08-01 18:33:42,586 [INFO] 
--------------------------------------------------
2026-08-01 18:33:42,586 [INFO] Epoch 6 Summary:
2026-08-01 18:33:42,586 [INFO] Time: 393.16s
2026-08-01 18:33:42,586 [INFO] Train Acc: 49.12%
2026-08-01 18:33:42,586 [INFO] Source Acc: 51.17%
2026-08-01 18:33:42,586 [INFO] Target Acc: 31.11%
2026-08-01 18:33:42,586 [INFO] Best Target Acc: 31.11% @ Epoch 6
2026-08-01 18:33:42,586 [INFO] --------------------------------------------------
2026-08-01 18:33:45,596 [INFO] 
--------------------------------------------------
2026-08-01 18:33:45,596 [INFO] Epoch 6 Summary:
2026-08-01 18:33:45,596 [INFO] Time: 388.90s
2026-08-01 18:33:45,596 [INFO] Train Acc: 49.23%
2026-08-01 18:33:45,596 [INFO] Source Acc: 51.66%
2026-08-01 18:33:45,596 [INFO] Target Acc: 34.10%
2026-08-01 18:33:45,597 [INFO] Best Target Acc: 34.10% @ Epoch 6
2026-08-01 18:33:45,597 [INFO] --------------------------------------------------
2026-08-01 18:40:25,233 [INFO] 
--------------------------------------------------
2026-08-01 18:40:25,233 [INFO] Epoch 7 Summary:
2026-08-01 18:40:25,233 [INFO] Time: 402.65s
2026-08-01 18:40:25,233 [INFO] Train Acc: 55.49%
2026-08-01 18:40:25,233 [INFO] Source Acc: 56.53%
2026-08-01 18:40:25,233 [INFO] Target Acc: 35.12%
2026-08-01 18:40:25,233 [INFO] Best Target Acc: 35.12% @ Epoch 7
2026-08-01 18:40:25,233 [INFO] --------------------------------------------------
2026-08-01 18:40:26,161 [INFO] 
--------------------------------------------------
2026-08-01 18:40:26,161 [INFO] Epoch 7 Summary:
2026-08-01 18:40:26,161 [INFO] Time: 400.56s
2026-08-01 18:40:26,161 [INFO] Train Acc: 55.21%
2026-08-01 18:40:26,161 [INFO] Source Acc: 56.84%
2026-08-01 18:40:26,161 [INFO] Target Acc: 37.87%
2026-08-01 18:40:26,161 [INFO] Best Target Acc: 37.87% @ Epoch 7
2026-08-01 18:40:26,161 [INFO] --------------------------------------------------
2026-08-01 18:47:18,752 [INFO] 
--------------------------------------------------
2026-08-01 18:47:18,752 [INFO] Epoch 8 Summary:
2026-08-01 18:47:18,752 [INFO] Time: 412.59s
2026-08-01 18:47:18,752 [INFO] Train Acc: 58.91%
2026-08-01 18:47:18,752 [INFO] Source Acc: 60.22%
2026-08-01 18:47:18,753 [INFO] Target Acc: 40.99%
2026-08-01 18:47:18,753 [INFO] Best Target Acc: 40.99% @ Epoch 8
2026-08-01 18:47:18,753 [INFO] --------------------------------------------------
2026-08-01 18:47:18,753 [INFO] 
--------------------------------------------------
2026-08-01 18:47:18,754 [INFO] Epoch 8 Summary:
2026-08-01 18:47:18,754 [INFO] Time: 413.52s
2026-08-01 18:47:18,754 [INFO] Train Acc: 60.08%
2026-08-01 18:47:18,754 [INFO] Source Acc: 60.17%
2026-08-01 18:47:18,754 [INFO] Target Acc: 37.45%
2026-08-01 18:47:18,754 [INFO] Best Target Acc: 37.45% @ Epoch 8
2026-08-01 18:47:18,754 [INFO] --------------------------------------------------
2026-08-01 18:54:06,651 [INFO] 
--------------------------------------------------
2026-08-01 18:54:06,652 [INFO] Epoch 9 Summary:
2026-08-01 18:54:06,652 [INFO] Time: 407.90s
2026-08-01 18:54:06,652 [INFO] Train Acc: 63.54%
2026-08-01 18:54:06,652 [INFO] Source Acc: 62.73%
2026-08-01 18:54:06,652 [INFO] Target Acc: 39.58%
2026-08-01 18:54:06,652 [INFO] Best Target Acc: 39.58% @ Epoch 9
2026-08-01 18:54:06,652 [INFO] --------------------------------------------------
2026-08-01 18:54:06,654 [INFO] 
--------------------------------------------------
2026-08-01 18:54:06,654 [INFO] Epoch 9 Summary:
2026-08-01 18:54:06,654 [INFO] Time: 407.90s
2026-08-01 18:54:06,654 [INFO] Train Acc: 62.64%
2026-08-01 18:54:06,654 [INFO] Source Acc: 62.85%
2026-08-01 18:54:06,654 [INFO] Target Acc: 43.22%
2026-08-01 18:54:06,654 [INFO] Best Target Acc: 43.22% @ Epoch 9
2026-08-01 18:54:06,654 [INFO] --------------------------------------------------
2026-08-01 19:01:01,351 [INFO] 
--------------------------------------------------
2026-08-01 19:01:01,351 [INFO] Epoch 10 Summary:
2026-08-01 19:01:01,351 [INFO] Time: 414.70s
2026-08-01 19:01:01,351 [INFO] Train Acc: 66.61%
2026-08-01 19:01:01,351 [INFO] Source Acc: 65.11%
2026-08-01 19:01:01,352 [INFO] Target Acc: 41.45%
2026-08-01 19:01:01,352 [INFO] Best Target Acc: 41.45% @ Epoch 10
2026-08-01 19:01:01,352 [INFO] --------------------------------------------------
2026-08-01 19:01:01,352 [INFO] 
--------------------------------------------------
2026-08-01 19:01:01,352 [INFO] Epoch 10 Summary:
2026-08-01 19:01:01,353 [INFO] Time: 414.70s
2026-08-01 19:01:01,353 [INFO] Train Acc: 66.26%
2026-08-01 19:01:01,353 [INFO] Source Acc: 65.42%
2026-08-01 19:01:01,353 [INFO] Target Acc: 44.77%
2026-08-01 19:01:01,353 [INFO] Best Target Acc: 44.77% @ Epoch 10
2026-08-01 19:01:01,353 [INFO] --------------------------------------------------
2026-08-01 19:07:49,902 [INFO] 
--------------------------------------------------
2026-08-01 19:07:49,902 [INFO] Epoch 11 Summary:
2026-08-01 19:07:49,902 [INFO] Time: 408.55s
2026-08-01 19:07:49,902 [INFO] Train Acc: 68.93%
2026-08-01 19:07:49,902 [INFO] Source Acc: 67.08%
2026-08-01 19:07:49,902 [INFO] Target Acc: 42.66%
2026-08-01 19:07:49,902 [INFO] Best Target Acc: 42.66% @ Epoch 11
2026-08-01 19:07:49,902 [INFO] --------------------------------------------------
2026-08-01 19:07:49,902 [INFO] 
--------------------------------------------------
2026-08-01 19:07:49,903 [INFO] Epoch 11 Summary:
2026-08-01 19:07:49,903 [INFO] Time: 408.55s
2026-08-01 19:07:49,903 [INFO] Train Acc: 68.01%
2026-08-01 19:07:49,903 [INFO] Source Acc: 68.03%
2026-08-01 19:07:49,903 [INFO] Target Acc: 46.57%
2026-08-01 19:07:49,903 [INFO] Best Target Acc: 46.57% @ Epoch 11
2026-08-01 19:07:49,903 [INFO] --------------------------------------------------
2026-08-01 19:14:45,701 [INFO] 
--------------------------------------------------
2026-08-01 19:14:45,701 [INFO] Epoch 12 Summary:
2026-08-01 19:14:45,701 [INFO] Time: 415.80s
2026-08-01 19:14:45,701 [INFO] Train Acc: 70.08%
2026-08-01 19:14:45,701 [INFO] Source Acc: 68.84%
2026-08-01 19:14:45,701 [INFO] Target Acc: 47.88%
2026-08-01 19:14:45,701 [INFO] Best Target Acc: 47.88% @ Epoch 12
2026-08-01 19:14:45,701 [INFO] --------------------------------------------------
2026-08-01 19:14:45,702 [INFO] 
--------------------------------------------------
2026-08-01 19:14:45,702 [INFO] Epoch 12 Summary:
2026-08-01 19:14:45,702 [INFO] Time: 415.80s
2026-08-01 19:14:45,702 [INFO] Train Acc: 70.57%
2026-08-01 19:14:45,702 [INFO] Source Acc: 67.84%
2026-08-01 19:14:45,702 [INFO] Target Acc: 43.35%
2026-08-01 19:14:45,702 [INFO] Best Target Acc: 43.35% @ Epoch 12
2026-08-01 19:14:45,702 [INFO] --------------------------------------------------
2026-08-01 19:21:35,716 [INFO] 
--------------------------------------------------
2026-08-01 19:21:35,716 [INFO] Epoch 13 Summary:
2026-08-01 19:21:35,716 [INFO] Time: 410.01s
2026-08-01 19:21:35,716 [INFO] Train Acc: 72.20%
2026-08-01 19:21:35,716 [INFO] Source Acc: 69.14%
2026-08-01 19:21:35,716 [INFO] Target Acc: 43.94%
2026-08-01 19:21:35,716 [INFO] Best Target Acc: 43.94% @ Epoch 13
2026-08-01 19:21:35,716 [INFO] --------------------------------------------------
2026-08-01 19:21:35,717 [INFO] 
--------------------------------------------------
2026-08-01 19:21:35,717 [INFO] Epoch 13 Summary:
2026-08-01 19:21:35,717 [INFO] Time: 410.02s
2026-08-01 19:21:35,717 [INFO] Train Acc: 72.52%
2026-08-01 19:21:35,717 [INFO] Source Acc: 70.21%
2026-08-01 19:21:35,717 [INFO] Target Acc: 49.33%
2026-08-01 19:21:35,717 [INFO] Best Target Acc: 49.33% @ Epoch 13
2026-08-01 19:21:35,717 [INFO] --------------------------------------------------
2026-08-01 19:28:28,945 [INFO] 
--------------------------------------------------
2026-08-01 19:28:28,945 [INFO] Epoch 14 Summary:
2026-08-01 19:28:28,945 [INFO] Time: 413.23s
2026-08-01 19:28:28,945 [INFO] Train Acc: 72.74%
2026-08-01 19:28:28,945 [INFO] Source Acc: 71.02%
2026-08-01 19:28:28,945 [INFO] Target Acc: 49.69%
2026-08-01 19:28:28,945 [INFO] Best Target Acc: 49.69% @ Epoch 14
2026-08-01 19:28:28,945 [INFO] --------------------------------------------------
2026-08-01 19:28:28,946 [INFO] 
--------------------------------------------------
2026-08-01 19:28:28,946 [INFO] Epoch 14 Summary:
2026-08-01 19:28:28,946 [INFO] Time: 413.23s
2026-08-01 19:28:28,946 [INFO] Train Acc: 73.29%
2026-08-01 19:28:28,946 [INFO] Source Acc: 70.12%
2026-08-01 19:28:28,946 [INFO] Target Acc: 44.47%
2026-08-01 19:28:28,946 [INFO] Best Target Acc: 44.47% @ Epoch 14
2026-08-01 19:28:28,946 [INFO] --------------------------------------------------
2026-08-01 19:35:23,369 [INFO] 
--------------------------------------------------
2026-08-01 19:35:23,369 [INFO] Epoch 15 Summary:
2026-08-01 19:35:23,369 [INFO] Time: 414.42s
2026-08-01 19:35:23,369 [INFO] Train Acc: 74.14%
2026-08-01 19:35:23,369 [INFO] Source Acc: 70.16%
2026-08-01 19:35:23,370 [INFO] Target Acc: 44.50%
2026-08-01 19:35:23,370 [INFO] Best Target Acc: 44.50% @ Epoch 15
2026-08-01 19:35:23,370 [INFO] --------------------------------------------------
2026-08-01 19:35:23,370 [INFO] 
--------------------------------------------------
2026-08-01 19:35:23,370 [INFO] Epoch 15 Summary:
2026-08-01 19:35:23,370 [INFO] Time: 414.43s
2026-08-01 19:35:23,370 [INFO] Train Acc: 73.89%
2026-08-01 19:35:23,370 [INFO] Source Acc: 71.69%
2026-08-01 19:35:23,370 [INFO] Target Acc: 50.74%
2026-08-01 19:35:23,370 [INFO] Best Target Acc: 50.74% @ Epoch 15
2026-08-01 19:35:23,370 [INFO] --------------------------------------------------
2026-08-01 19:42:17,852 [INFO] 
--------------------------------------------------
2026-08-01 19:42:17,853 [INFO] Epoch 16 Summary:
2026-08-01 19:42:17,853 [INFO] Time: 414.48s
2026-08-01 19:42:17,853 [INFO] Train Acc: 75.36%
2026-08-01 19:42:17,853 [INFO] Source Acc: 72.50%
2026-08-01 19:42:17,853 [INFO] Target Acc: 51.36%
2026-08-01 19:42:17,853 [INFO] Best Target Acc: 51.36% @ Epoch 16
2026-08-01 19:42:17,853 [INFO] --------------------------------------------------
2026-08-01 19:42:17,853 [INFO] 
--------------------------------------------------
2026-08-01 19:42:17,853 [INFO] Epoch 16 Summary:
2026-08-01 19:42:17,854 [INFO] Time: 414.48s
2026-08-01 19:42:17,854 [INFO] Train Acc: 75.29%
2026-08-01 19:42:17,854 [INFO] Source Acc: 71.04%
2026-08-01 19:42:17,854 [INFO] Target Acc: 45.19%
2026-08-01 19:42:17,854 [INFO] Best Target Acc: 45.19% @ Epoch 16
2026-08-01 19:42:17,854 [INFO] --------------------------------------------------
2026-08-01 19:49:03,429 [INFO] 
--------------------------------------------------
2026-08-01 19:49:03,429 [INFO] Epoch 17 Summary:
2026-08-01 19:49:03,429 [INFO] Time: 405.58s
2026-08-01 19:49:03,429 [INFO] Train Acc: 75.93%
2026-08-01 19:49:03,429 [INFO] Source Acc: 71.78%
2026-08-01 19:49:03,429 [INFO] Target Acc: 45.91%
2026-08-01 19:49:03,429 [INFO] Best Target Acc: 45.91% @ Epoch 17
2026-08-01 19:49:03,429 [INFO] --------------------------------------------------
2026-08-01 19:49:03,813 [INFO] 
--------------------------------------------------
2026-08-01 19:49:03,814 [INFO] Epoch 17 Summary:
2026-08-01 19:49:03,814 [INFO] Time: 405.96s
2026-08-01 19:49:03,814 [INFO] Train Acc: 76.14%
2026-08-01 19:49:03,814 [INFO] Source Acc: 73.14%
2026-08-01 19:49:03,814 [INFO] Target Acc: 52.08%
2026-08-01 19:49:03,814 [INFO] Best Target Acc: 52.08% @ Epoch 17
2026-08-01 19:49:03,814 [INFO] --------------------------------------------------
2026-08-01 19:55:58,789 [INFO] 
--------------------------------------------------
2026-08-01 19:55:58,789 [INFO] Epoch 18 Summary:
2026-08-01 19:55:58,789 [INFO] Time: 414.97s
2026-08-01 19:55:58,789 [INFO] Train Acc: 77.13%
2026-08-01 19:55:58,789 [INFO] Source Acc: 73.44%
2026-08-01 19:55:58,789 [INFO] Target Acc: 52.25%
2026-08-01 19:55:58,789 [INFO] Best Target Acc: 52.25% @ Epoch 18
2026-08-01 19:55:58,789 [INFO] --------------------------------------------------
2026-08-01 19:55:58,790 [INFO] 
--------------------------------------------------
2026-08-01 19:55:58,790 [INFO] Epoch 18 Summary:
2026-08-01 19:55:58,790 [INFO] Time: 415.36s
2026-08-01 19:55:58,790 [INFO] Train Acc: 76.49%
2026-08-01 19:55:58,790 [INFO] Source Acc: 72.31%
2026-08-01 19:55:58,790 [INFO] Target Acc: 46.05%
2026-08-01 19:55:58,790 [INFO] Best Target Acc: 46.05% @ Epoch 18
2026-08-01 19:55:58,790 [INFO] --------------------------------------------------
2026-08-01 20:02:52,014 [INFO] 
--------------------------------------------------
2026-08-01 20:02:52,014 [INFO] Epoch 19 Summary:
2026-08-01 20:02:52,014 [INFO] Time: 413.23s
2026-08-01 20:02:52,014 [INFO] Train Acc: 77.25%
2026-08-01 20:02:52,014 [INFO] Source Acc: 74.01%
2026-08-01 20:02:52,015 [INFO] Target Acc: 52.28%
2026-08-01 20:02:52,015 [INFO] Best Target Acc: 52.28% @ Epoch 19
2026-08-01 20:02:52,015 [INFO] --------------------------------------------------
2026-08-01 20:02:52,016 [INFO] 
--------------------------------------------------
2026-08-01 20:02:52,016 [INFO] Epoch 19 Summary:
2026-08-01 20:02:52,016 [INFO] Time: 413.23s
2026-08-01 20:02:52,016 [INFO] Train Acc: 76.93%
2026-08-01 20:02:52,016 [INFO] Source Acc: 72.73%
2026-08-01 20:02:52,016 [INFO] Target Acc: 46.11%
2026-08-01 20:02:52,016 [INFO] Best Target Acc: 46.11% @ Epoch 19
2026-08-01 20:02:52,016 [INFO] --------------------------------------------------
2026-08-01 20:40:02,920 [INFO] 
--------------------------------------------------
2026-08-01 20:40:02,920 [INFO] Epoch 20 Summary:
2026-08-01 20:40:02,920 [INFO] Time: 2230.91s
2026-08-01 20:40:02,920 [INFO] Train Acc: 77.73%
2026-08-01 20:40:02,920 [INFO] Source Acc: 74.70%
2026-08-01 20:40:02,920 [INFO] Target Acc: 52.87%
2026-08-01 20:40:02,920 [INFO] Best Target Acc: 52.87% @ Epoch 20
2026-08-01 20:40:02,920 [INFO] --------------------------------------------------
2026-08-01 20:40:03,454 [INFO] 
--------------------------------------------------
2026-08-01 20:40:03,454 [INFO] Epoch 20 Summary:
2026-08-01 20:40:03,454 [INFO] Time: 2231.44s
2026-08-01 20:40:03,454 [INFO] Train Acc: 77.36%
2026-08-01 20:40:03,455 [INFO] Source Acc: 73.16%
2026-08-01 20:40:03,455 [INFO] Target Acc: 46.77%
2026-08-01 20:40:03,455 [INFO] Best Target Acc: 46.77% @ Epoch 20
2026-08-01 20:40:03,455 [INFO] --------------------------------------------------
2026-08-01 20:47:08,791 [INFO] 
--------------------------------------------------
2026-08-01 20:47:08,792 [INFO] Epoch 21 Summary:
2026-08-01 20:47:08,792 [INFO] Time: 425.87s
2026-08-01 20:47:08,792 [INFO] Train Acc: 78.73%
2026-08-01 20:47:08,792 [INFO] Source Acc: 75.06%
2026-08-01 20:47:08,792 [INFO] Target Acc: 52.87%
2026-08-01 20:47:08,792 [INFO] Best Target Acc: 52.87% @ Epoch 20
2026-08-01 20:47:08,792 [INFO] --------------------------------------------------
2026-08-01 20:47:10,185 [INFO] 
--------------------------------------------------
2026-08-01 20:47:10,186 [INFO] Epoch 21 Summary:
2026-08-01 20:47:10,186 [INFO] Time: 426.73s
2026-08-01 20:47:10,186 [INFO] Train Acc: 78.33%
2026-08-01 20:47:10,186 [INFO] Source Acc: 73.44%
2026-08-01 20:47:10,186 [INFO] Target Acc: 47.13%
2026-08-01 20:47:10,186 [INFO] Best Target Acc: 47.13% @ Epoch 21
2026-08-01 20:47:10,186 [INFO] --------------------------------------------------
2026-08-01 20:53:56,540 [INFO] 
--------------------------------------------------
2026-08-01 20:53:56,540 [INFO] Epoch 22 Summary:
2026-08-01 20:53:56,540 [INFO] Time: 406.35s
2026-08-01 20:53:56,540 [INFO] Train Acc: 78.83%
2026-08-01 20:53:56,540 [INFO] Source Acc: 73.75%
2026-08-01 20:53:56,540 [INFO] Target Acc: 46.96%
2026-08-01 20:53:56,540 [INFO] Best Target Acc: 47.13% @ Epoch 21
2026-08-01 20:53:56,540 [INFO] --------------------------------------------------
2026-08-01 20:53:56,828 [INFO] 
--------------------------------------------------
2026-08-01 20:53:56,828 [INFO] Epoch 22 Summary:
2026-08-01 20:53:56,828 [INFO] Time: 408.04s
2026-08-01 20:53:56,828 [INFO] Train Acc: 79.33%
2026-08-01 20:53:56,828 [INFO] Source Acc: 75.22%
2026-08-01 20:53:56,828 [INFO] Target Acc: 52.97%
2026-08-01 20:53:56,829 [INFO] Best Target Acc: 52.97% @ Epoch 22
2026-08-01 20:53:56,829 [INFO] --------------------------------------------------
2026-08-01 21:00:50,836 [INFO] 
--------------------------------------------------
2026-08-01 21:00:50,836 [INFO] Epoch 23 Summary:
2026-08-01 21:00:50,836 [INFO] Time: 414.01s
2026-08-01 21:00:50,836 [INFO] Train Acc: 79.28%
2026-08-01 21:00:50,836 [INFO] Source Acc: 75.80%
2026-08-01 21:00:50,836 [INFO] Target Acc: 53.59%
2026-08-01 21:00:50,836 [INFO] Best Target Acc: 53.59% @ Epoch 23
2026-08-01 21:00:50,836 [INFO] --------------------------------------------------
2026-08-01 21:00:50,837 [INFO] 
--------------------------------------------------
2026-08-01 21:00:50,837 [INFO] Epoch 23 Summary:
2026-08-01 21:00:50,837 [INFO] Time: 414.30s
2026-08-01 21:00:50,837 [INFO] Train Acc: 79.30%
2026-08-01 21:00:50,837 [INFO] Source Acc: 73.83%
2026-08-01 21:00:50,837 [INFO] Target Acc: 47.33%
2026-08-01 21:00:50,837 [INFO] Best Target Acc: 47.33% @ Epoch 23
2026-08-01 21:00:50,837 [INFO] --------------------------------------------------
2026-08-01 21:07:46,066 [INFO] 
--------------------------------------------------
2026-08-01 21:07:46,066 [INFO] Epoch 24 Summary:
2026-08-01 21:07:46,066 [INFO] Time: 415.23s
2026-08-01 21:07:46,066 [INFO] Train Acc: 79.95%
2026-08-01 21:07:46,066 [INFO] Source Acc: 76.01%
2026-08-01 21:07:46,067 [INFO] Target Acc: 53.66%
2026-08-01 21:07:46,067 [INFO] Best Target Acc: 53.66% @ Epoch 24
2026-08-01 21:07:46,067 [INFO] --------------------------------------------------
2026-08-01 21:07:46,067 [INFO] 
--------------------------------------------------
2026-08-01 21:07:46,067 [INFO] Epoch 24 Summary:
2026-08-01 21:07:46,067 [INFO] Time: 415.23s
2026-08-01 21:07:46,067 [INFO] Train Acc: 79.38%
2026-08-01 21:07:46,067 [INFO] Source Acc: 74.13%
2026-08-01 21:07:46,067 [INFO] Target Acc: 48.08%
2026-08-01 21:07:46,068 [INFO] Best Target Acc: 48.08% @ Epoch 24
2026-08-01 21:07:46,068 [INFO] --------------------------------------------------
2026-08-01 21:14:38,277 [INFO] 
--------------------------------------------------
2026-08-01 21:14:38,278 [INFO] Epoch 25 Summary:
2026-08-01 21:14:38,278 [INFO] Time: 412.21s
2026-08-01 21:14:38,278 [INFO] Train Acc: 79.87%
2026-08-01 21:14:38,278 [INFO] Source Acc: 74.32%
2026-08-01 21:14:38,278 [INFO] Target Acc: 48.57%
2026-08-01 21:14:38,278 [INFO] Best Target Acc: 48.57% @ Epoch 25
2026-08-01 21:14:38,278 [INFO] --------------------------------------------------
2026-08-01 21:14:38,278 [INFO] 
--------------------------------------------------
2026-08-01 21:14:38,278 [INFO] Epoch 25 Summary:
2026-08-01 21:14:38,278 [INFO] Time: 412.21s
2026-08-01 21:14:38,278 [INFO] Train Acc: 80.80%
2026-08-01 21:14:38,278 [INFO] Source Acc: 76.37%
2026-08-01 21:14:38,278 [INFO] Target Acc: 54.48%
2026-08-01 21:14:38,278 [INFO] Best Target Acc: 54.48% @ Epoch 25
2026-08-01 21:14:38,278 [INFO] --------------------------------------------------
2026-08-01 21:21:30,573 [INFO] 
--------------------------------------------------
2026-08-01 21:21:30,574 [INFO] Epoch 26 Summary:
2026-08-01 21:21:30,574 [INFO] Time: 412.30s
2026-08-01 21:21:30,574 [INFO] Train Acc: 80.03%
2026-08-01 21:21:30,574 [INFO] Source Acc: 74.51%
2026-08-01 21:21:30,574 [INFO] Target Acc: 48.38%
2026-08-01 21:21:30,574 [INFO] Best Target Acc: 48.57% @ Epoch 25
2026-08-01 21:21:30,574 [INFO] --------------------------------------------------
2026-08-01 21:21:31,773 [INFO] 
--------------------------------------------------
2026-08-01 21:21:31,773 [INFO] Epoch 26 Summary:
2026-08-01 21:21:31,773 [INFO] Time: 413.49s
2026-08-01 21:21:31,773 [INFO] Train Acc: 80.53%
2026-08-01 21:21:31,773 [INFO] Source Acc: 76.53%
2026-08-01 21:21:31,773 [INFO] Target Acc: 54.58%
2026-08-01 21:21:31,773 [INFO] Best Target Acc: 54.58% @ Epoch 26
2026-08-01 21:21:31,773 [INFO] --------------------------------------------------
2026-08-01 21:28:27,100 [INFO] 
--------------------------------------------------
2026-08-01 21:28:27,100 [INFO] Epoch 27 Summary:
2026-08-01 21:28:27,100 [INFO] Time: 416.53s
2026-08-01 21:28:27,100 [INFO] Train Acc: 80.75%
2026-08-01 21:28:27,100 [INFO] Source Acc: 75.01%
2026-08-01 21:28:27,100 [INFO] Target Acc: 48.44%
2026-08-01 21:28:27,100 [INFO] Best Target Acc: 48.57% @ Epoch 25
2026-08-01 21:28:27,101 [INFO] --------------------------------------------------
2026-08-01 21:28:28,065 [INFO] 
--------------------------------------------------
2026-08-01 21:28:28,065 [INFO] Epoch 27 Summary:
2026-08-01 21:28:28,065 [INFO] Time: 416.29s
2026-08-01 21:28:28,065 [INFO] Train Acc: 81.00%
2026-08-01 21:28:28,065 [INFO] Source Acc: 76.98%
2026-08-01 21:28:28,066 [INFO] Target Acc: 54.68%
2026-08-01 21:28:28,066 [INFO] Best Target Acc: 54.68% @ Epoch 27
2026-08-01 21:28:28,066 [INFO] --------------------------------------------------
2026-08-01 21:35:24,159 [INFO] 
--------------------------------------------------
2026-08-01 21:35:24,159 [INFO] Epoch 28 Summary:
2026-08-01 21:35:24,159 [INFO] Time: 417.06s
2026-08-01 21:35:24,159 [INFO] Train Acc: 81.17%
2026-08-01 21:35:24,159 [INFO] Source Acc: 74.92%
2026-08-01 21:35:24,159 [INFO] Target Acc: 48.64%
2026-08-01 21:35:24,159 [INFO] Best Target Acc: 48.64% @ Epoch 28
2026-08-01 21:35:24,159 [INFO] --------------------------------------------------
2026-08-01 21:35:24,160 [INFO] 
--------------------------------------------------
2026-08-01 21:35:24,160 [INFO] Epoch 28 Summary:
2026-08-01 21:35:24,160 [INFO] Time: 416.09s
2026-08-01 21:35:24,160 [INFO] Train Acc: 81.35%
2026-08-01 21:35:24,160 [INFO] Source Acc: 77.03%
2026-08-01 21:35:24,160 [INFO] Target Acc: 54.94%
2026-08-01 21:35:24,160 [INFO] Best Target Acc: 54.94% @ Epoch 28
2026-08-01 21:35:24,160 [INFO] --------------------------------------------------
2026-08-01 21:42:19,470 [INFO] 
--------------------------------------------------
2026-08-01 21:42:19,470 [INFO] Epoch 29 Summary:
2026-08-01 21:42:19,470 [INFO] Time: 415.31s
2026-08-01 21:42:19,470 [INFO] Train Acc: 81.14%
2026-08-01 21:42:19,470 [INFO] Source Acc: 75.42%
2026-08-01 21:42:19,470 [INFO] Target Acc: 48.64%
2026-08-01 21:42:19,470 [INFO] Best Target Acc: 48.64% @ Epoch 28
2026-08-01 21:42:19,471 [INFO] --------------------------------------------------
2026-08-01 21:42:20,329 [INFO] 
--------------------------------------------------
2026-08-01 21:42:20,330 [INFO] Epoch 29 Summary:
2026-08-01 21:42:20,330 [INFO] Time: 416.17s
2026-08-01 21:42:20,330 [INFO] Train Acc: 81.72%
2026-08-01 21:42:20,330 [INFO] Source Acc: 77.12%
2026-08-01 21:42:20,330 [INFO] Target Acc: 55.17%
2026-08-01 21:42:20,330 [INFO] Best Target Acc: 55.17% @ Epoch 29
2026-08-01 21:42:20,330 [INFO] --------------------------------------------------
2026-08-01 21:49:17,251 [INFO] 
--------------------------------------------------
2026-08-01 21:49:17,251 [INFO] Epoch 30 Summary:
2026-08-01 21:49:17,251 [INFO] Time: 416.92s
2026-08-01 21:49:17,252 [INFO] Train Acc: 81.90%
2026-08-01 21:49:17,252 [INFO] Source Acc: 77.37%
2026-08-01 21:49:17,252 [INFO] Target Acc: 55.07%
2026-08-01 21:49:17,252 [INFO] Best Target Acc: 55.17% @ Epoch 29
2026-08-01 21:49:17,252 [INFO] --------------------------------------------------
2026-08-01 21:49:18,148 [INFO] 
--------------------------------------------------
2026-08-01 21:49:18,148 [INFO] Epoch 30 Summary:
2026-08-01 21:49:18,148 [INFO] Time: 418.68s
2026-08-01 21:49:18,148 [INFO] Train Acc: 81.54%
2026-08-01 21:49:18,149 [INFO] Source Acc: 75.42%
2026-08-01 21:49:18,149 [INFO] Target Acc: 48.83%
2026-08-01 21:49:18,149 [INFO] Best Target Acc: 48.83% @ Epoch 30
2026-08-01 21:49:18,149 [INFO] --------------------------------------------------
2026-08-01 21:56:13,031 [INFO] 
--------------------------------------------------
2026-08-01 21:56:13,031 [INFO] Epoch 31 Summary:
2026-08-01 21:56:13,031 [INFO] Time: 415.78s
2026-08-01 21:56:13,031 [INFO] Train Acc: 82.24%
2026-08-01 21:56:13,031 [INFO] Source Acc: 77.56%
2026-08-01 21:56:13,031 [INFO] Target Acc: 55.43%
2026-08-01 21:56:13,031 [INFO] Best Target Acc: 55.43% @ Epoch 31
2026-08-01 21:56:13,031 [INFO] --------------------------------------------------
2026-08-01 21:56:13,283 [INFO] 
--------------------------------------------------
2026-08-01 21:56:13,283 [INFO] Epoch 31 Summary:
2026-08-01 21:56:13,283 [INFO] Time: 415.13s
2026-08-01 21:56:13,283 [INFO] Train Acc: 81.59%
2026-08-01 21:56:13,283 [INFO] Source Acc: 75.92%
2026-08-01 21:56:13,283 [INFO] Target Acc: 48.87%
2026-08-01 21:56:13,283 [INFO] Best Target Acc: 48.87% @ Epoch 31
2026-08-01 21:56:13,283 [INFO] --------------------------------------------------
2026-08-01 22:03:09,005 [INFO] 
--------------------------------------------------
2026-08-01 22:03:09,006 [INFO] Epoch 32 Summary:
2026-08-01 22:03:09,006 [INFO] Time: 415.72s
2026-08-01 22:03:09,006 [INFO] Train Acc: 81.99%
2026-08-01 22:03:09,006 [INFO] Source Acc: 76.10%
2026-08-01 22:03:09,006 [INFO] Target Acc: 48.83%
2026-08-01 22:03:09,006 [INFO] Best Target Acc: 48.87% @ Epoch 31
2026-08-01 22:03:09,006 [INFO] --------------------------------------------------
2026-08-01 22:03:09,041 [INFO] 
--------------------------------------------------
2026-08-01 22:03:09,041 [INFO] Epoch 32 Summary:
2026-08-01 22:03:09,041 [INFO] Time: 416.01s
2026-08-01 22:03:09,041 [INFO] Train Acc: 82.67%
2026-08-01 22:03:09,042 [INFO] Source Acc: 77.70%
2026-08-01 22:03:09,042 [INFO] Target Acc: 55.27%
2026-08-01 22:03:09,042 [INFO] Best Target Acc: 55.43% @ Epoch 31
2026-08-01 22:03:09,042 [INFO] --------------------------------------------------
2026-08-01 22:10:04,091 [INFO] 
--------------------------------------------------
2026-08-01 22:10:04,091 [INFO] Epoch 33 Summary:
2026-08-01 22:10:04,091 [INFO] Time: 415.08s
2026-08-01 22:10:04,091 [INFO] Train Acc: 82.19%
2026-08-01 22:10:04,091 [INFO] Source Acc: 76.13%
2026-08-01 22:10:04,091 [INFO] Target Acc: 49.10%
2026-08-01 22:10:04,091 [INFO] Best Target Acc: 49.10% @ Epoch 33
2026-08-01 22:10:04,091 [INFO] --------------------------------------------------
2026-08-01 22:10:04,092 [INFO] 
--------------------------------------------------
2026-08-01 22:10:04,092 [INFO] Epoch 33 Summary:
2026-08-01 22:10:04,092 [INFO] Time: 415.05s
2026-08-01 22:10:04,092 [INFO] Train Acc: 82.99%
2026-08-01 22:10:04,092 [INFO] Source Acc: 78.03%
2026-08-01 22:10:04,092 [INFO] Target Acc: 55.46%
2026-08-01 22:10:04,093 [INFO] Best Target Acc: 55.46% @ Epoch 33
2026-08-01 22:10:04,093 [INFO] --------------------------------------------------
2026-08-01 22:16:56,558 [INFO] 
--------------------------------------------------
2026-08-01 22:16:56,558 [INFO] Epoch 34 Summary:
2026-08-01 22:16:56,558 [INFO] Time: 412.46s
2026-08-01 22:16:56,558 [INFO] Train Acc: 83.04%
2026-08-01 22:16:56,558 [INFO] Source Acc: 77.88%
2026-08-01 22:16:56,558 [INFO] Target Acc: 55.66%
2026-08-01 22:16:56,558 [INFO] Best Target Acc: 55.66% @ Epoch 34
2026-08-01 22:16:56,558 [INFO] --------------------------------------------------
2026-08-01 22:16:56,559 [INFO] 
--------------------------------------------------
2026-08-01 22:16:56,559 [INFO] Epoch 34 Summary:
2026-08-01 22:16:56,559 [INFO] Time: 412.47s
2026-08-01 22:16:56,559 [INFO] Train Acc: 82.39%
2026-08-01 22:16:56,559 [INFO] Source Acc: 75.99%
2026-08-01 22:16:56,559 [INFO] Target Acc: 49.29%
2026-08-01 22:16:56,559 [INFO] Best Target Acc: 49.29% @ Epoch 34
2026-08-01 22:16:56,559 [INFO] --------------------------------------------------
2026-08-01 22:25:13,597 [INFO] 
--------------------------------------------------
2026-08-01 22:25:13,597 [INFO] Epoch 35 Summary:
2026-08-01 22:25:13,597 [INFO] Time: 497.04s
2026-08-01 22:25:13,597 [INFO] Train Acc: 83.29%
2026-08-01 22:25:13,597 [INFO] Source Acc: 78.38%
2026-08-01 22:25:13,597 [INFO] Target Acc: 55.69%
2026-08-01 22:25:13,597 [INFO] Best Target Acc: 55.69% @ Epoch 35
2026-08-01 22:25:13,597 [INFO] --------------------------------------------------
2026-08-01 22:25:13,598 [INFO] 
--------------------------------------------------
2026-08-01 22:25:13,598 [INFO] Epoch 35 Summary:
2026-08-01 22:25:13,598 [INFO] Time: 497.04s
2026-08-01 22:25:13,598 [INFO] Train Acc: 82.60%
2026-08-01 22:25:13,598 [INFO] Source Acc: 76.32%
2026-08-01 22:25:13,598 [INFO] Target Acc: 49.46%
2026-08-01 22:25:13,599 [INFO] Best Target Acc: 49.46% @ Epoch 35
2026-08-01 22:25:13,599 [INFO] --------------------------------------------------
2026-08-01 22:38:21,677 [INFO] 
--------------------------------------------------
2026-08-01 22:38:21,678 [INFO] Epoch 36 Summary:
2026-08-01 22:38:21,678 [INFO] Time: 788.08s
2026-08-01 22:38:21,678 [INFO] Train Acc: 83.27%
2026-08-01 22:38:21,678 [INFO] Source Acc: 78.45%
2026-08-01 22:38:21,678 [INFO] Target Acc: 55.43%
2026-08-01 22:38:21,678 [INFO] Best Target Acc: 55.69% @ Epoch 35
2026-08-01 22:38:21,678 [INFO] --------------------------------------------------
2026-08-01 22:38:23,381 [INFO] 
--------------------------------------------------
2026-08-01 22:38:23,381 [INFO] Epoch 36 Summary:
2026-08-01 22:38:23,381 [INFO] Time: 789.78s
2026-08-01 22:38:23,381 [INFO] Train Acc: 82.70%
2026-08-01 22:38:23,381 [INFO] Source Acc: 76.44%
2026-08-01 22:38:23,381 [INFO] Target Acc: 49.62%
2026-08-01 22:38:23,381 [INFO] Best Target Acc: 49.62% @ Epoch 36
2026-08-01 22:38:23,381 [INFO] --------------------------------------------------
2026-08-01 22:52:49,357 [INFO] 
--------------------------------------------------
2026-08-01 22:52:49,358 [INFO] Epoch 37 Summary:
2026-08-01 22:52:49,358 [INFO] Time: 867.68s
2026-08-01 22:52:49,358 [INFO] Train Acc: 83.81%
2026-08-01 22:52:49,358 [INFO] Source Acc: 78.79%
2026-08-01 22:52:49,358 [INFO] Target Acc: 55.69%
2026-08-01 22:52:49,358 [INFO] Best Target Acc: 55.69% @ Epoch 35
2026-08-01 22:52:49,358 [INFO] --------------------------------------------------
2026-08-01 22:52:50,105 [INFO] 
--------------------------------------------------
2026-08-01 22:52:50,105 [INFO] Epoch 37 Summary:
2026-08-01 22:52:50,105 [INFO] Time: 866.72s
2026-08-01 22:52:50,105 [INFO] Train Acc: 83.12%
2026-08-01 22:52:50,105 [INFO] Source Acc: 76.60%
2026-08-01 22:52:50,106 [INFO] Target Acc: 49.49%
2026-08-01 22:52:50,106 [INFO] Best Target Acc: 49.62% @ Epoch 36
2026-08-01 22:52:50,106 [INFO] --------------------------------------------------
2026-08-01 23:06:42,494 [INFO] 
--------------------------------------------------
2026-08-01 23:06:42,495 [INFO] Epoch 38 Summary:
2026-08-01 23:06:42,495 [INFO] Time: 832.39s
2026-08-01 23:06:42,495 [INFO] Train Acc: 83.04%
2026-08-01 23:06:42,495 [INFO] Source Acc: 76.55%
2026-08-01 23:06:42,495 [INFO] Target Acc: 49.46%
2026-08-01 23:06:42,496 [INFO] Best Target Acc: 49.62% @ Epoch 36
2026-08-01 23:06:42,496 [INFO] --------------------------------------------------
2026-08-01 23:06:44,934 [INFO] 
--------------------------------------------------
2026-08-01 23:06:44,934 [INFO] Epoch 38 Summary:
2026-08-01 23:06:44,934 [INFO] Time: 835.58s
2026-08-01 23:06:44,934 [INFO] Train Acc: 83.84%
2026-08-01 23:06:44,934 [INFO] Source Acc: 78.76%
2026-08-01 23:06:44,934 [INFO] Target Acc: 56.09%
2026-08-01 23:06:44,934 [INFO] Best Target Acc: 56.09% @ Epoch 38
2026-08-01 23:06:44,935 [INFO] --------------------------------------------------
2026-08-02 01:44:42,229 [INFO] 
--------------------------------------------------
2026-08-02 01:44:42,230 [INFO] Epoch 39 Summary:
2026-08-02 01:44:42,230 [INFO] Time: 9477.29s
2026-08-02 01:44:42,230 [INFO] Train Acc: 83.74%
2026-08-02 01:44:42,230 [INFO] Source Acc: 78.79%
2026-08-02 01:44:42,230 [INFO] Target Acc: 56.09%
2026-08-02 01:44:42,230 [INFO] Best Target Acc: 56.09% @ Epoch 38
2026-08-02 01:44:42,231 [INFO] --------------------------------------------------
2026-08-02 01:44:43,872 [INFO] 
--------------------------------------------------
2026-08-02 01:44:43,873 [INFO] Epoch 39 Summary:
2026-08-02 01:44:43,873 [INFO] Time: 9481.38s
2026-08-02 01:44:43,873 [INFO] Train Acc: 83.42%
2026-08-02 01:44:43,873 [INFO] Source Acc: 76.82%
2026-08-02 01:44:43,873 [INFO] Target Acc: 49.69%
2026-08-02 01:44:43,873 [INFO] Best Target Acc: 49.69% @ Epoch 39
2026-08-02 01:44:43,873 [INFO] --------------------------------------------------
2026-08-02 01:52:05,591 [INFO] 
--------------------------------------------------
2026-08-02 01:52:05,592 [INFO] Epoch 40 Summary:
2026-08-02 01:52:05,592 [INFO] Time: 443.36s
2026-08-02 01:52:05,592 [INFO] Train Acc: 84.04%
2026-08-02 01:52:05,592 [INFO] Source Acc: 78.89%
2026-08-02 01:52:05,592 [INFO] Target Acc: 56.19%
2026-08-02 01:52:05,592 [INFO] Best Target Acc: 56.19% @ Epoch 40
2026-08-02 01:52:05,593 [INFO] --------------------------------------------------
2026-08-02 01:52:07,125 [INFO] 
--------------------------------------------------
2026-08-02 01:52:07,125 [INFO] Epoch 40 Summary:
2026-08-02 01:52:07,125 [INFO] Time: 443.25s
2026-08-02 01:52:07,126 [INFO] Train Acc: 83.67%
2026-08-02 01:52:07,126 [INFO] Source Acc: 76.91%
2026-08-02 01:52:07,126 [INFO] Target Acc: 49.75%
2026-08-02 01:52:07,126 [INFO] Best Target Acc: 49.75% @ Epoch 40
2026-08-02 01:52:07,126 [INFO] --------------------------------------------------
2026-08-02 05:01:08,734 [INFO] 
--------------------------------------------------
2026-08-02 05:01:08,734 [INFO] Epoch 41 Summary:
2026-08-02 05:01:08,734 [INFO] Time: 11343.14s
2026-08-02 05:01:08,734 [INFO] Train Acc: 84.14%
2026-08-02 05:01:08,734 [INFO] Source Acc: 78.93%
2026-08-02 05:01:08,734 [INFO] Target Acc: 55.96%
2026-08-02 05:01:08,734 [INFO] Best Target Acc: 56.19% @ Epoch 40
2026-08-02 05:01:08,734 [INFO] --------------------------------------------------
2026-08-02 05:01:09,649 [INFO] 
--------------------------------------------------
2026-08-02 05:01:09,649 [INFO] Epoch 41 Summary:
2026-08-02 05:01:09,649 [INFO] Time: 11342.52s
2026-08-02 05:01:09,649 [INFO] Train Acc: 83.79%
2026-08-02 05:01:09,650 [INFO] Source Acc: 76.96%
2026-08-02 05:01:09,650 [INFO] Target Acc: 49.92%
2026-08-02 05:01:09,650 [INFO] Best Target Acc: 49.92% @ Epoch 41
2026-08-02 05:01:09,650 [INFO] --------------------------------------------------
2026-08-02 05:08:19,201 [INFO] 
--------------------------------------------------
2026-08-02 05:08:19,201 [INFO] Epoch 42 Summary:
2026-08-02 05:08:19,202 [INFO] Time: 430.47s
2026-08-02 05:08:19,202 [INFO] Train Acc: 84.44%
2026-08-02 05:08:19,202 [INFO] Source Acc: 79.10%
2026-08-02 05:08:19,202 [INFO] Target Acc: 56.22%
2026-08-02 05:08:19,202 [INFO] Best Target Acc: 56.22% @ Epoch 42
2026-08-02 05:08:19,202 [INFO] --------------------------------------------------
2026-08-02 05:08:22,188 [INFO] 
--------------------------------------------------
2026-08-02 05:08:22,189 [INFO] Epoch 42 Summary:
2026-08-02 05:08:22,189 [INFO] Time: 432.54s
2026-08-02 05:08:22,189 [INFO] Train Acc: 84.02%
2026-08-02 05:08:22,189 [INFO] Source Acc: 77.08%
2026-08-02 05:08:22,189 [INFO] Target Acc: 50.15%
2026-08-02 05:08:22,189 [INFO] Best Target Acc: 50.15% @ Epoch 42
2026-08-02 05:08:22,189 [INFO] --------------------------------------------------
2026-08-02 08:17:00,575 [INFO] 
--------------------------------------------------
2026-08-02 08:17:00,575 [INFO] Epoch 43 Summary:
2026-08-02 08:17:00,576 [INFO] Time: 11321.37s
2026-08-02 08:17:00,576 [INFO] Train Acc: 84.62%
2026-08-02 08:17:00,576 [INFO] Source Acc: 79.19%
2026-08-02 08:17:00,576 [INFO] Target Acc: 56.42%
2026-08-02 08:17:00,576 [INFO] Best Target Acc: 56.42% @ Epoch 43
2026-08-02 08:17:00,576 [INFO] --------------------------------------------------
2026-08-02 08:17:02,425 [INFO] 
--------------------------------------------------
2026-08-02 08:17:02,425 [INFO] Epoch 43 Summary:
2026-08-02 08:17:02,425 [INFO] Time: 11320.24s
2026-08-02 08:17:02,425 [INFO] Train Acc: 84.41%
2026-08-02 08:17:02,425 [INFO] Source Acc: 77.17%
2026-08-02 08:17:02,425 [INFO] Target Acc: 50.25%
2026-08-02 08:17:02,425 [INFO] Best Target Acc: 50.25% @ Epoch 43
2026-08-02 08:17:02,425 [INFO] --------------------------------------------------
2026-08-02 08:24:07,590 [INFO] 
--------------------------------------------------
2026-08-02 08:24:07,592 [INFO] Epoch 44 Summary:
2026-08-02 08:24:07,592 [INFO] Time: 427.01s
2026-08-02 08:24:07,592 [INFO] Train Acc: 84.62%
2026-08-02 08:24:07,592 [INFO] Source Acc: 79.21%
2026-08-02 08:24:07,592 [INFO] Target Acc: 56.35%
2026-08-02 08:24:07,592 [INFO] Best Target Acc: 56.42% @ Epoch 43
2026-08-02 08:24:07,592 [INFO] --------------------------------------------------
2026-08-02 08:24:09,994 [INFO] 
--------------------------------------------------
2026-08-02 08:24:09,995 [INFO] Epoch 44 Summary:
2026-08-02 08:24:09,995 [INFO] Time: 427.57s
2026-08-02 08:24:09,995 [INFO] Train Acc: 84.39%
2026-08-02 08:24:09,995 [INFO] Source Acc: 77.24%
2026-08-02 08:24:09,995 [INFO] Target Acc: 50.25%
2026-08-02 08:24:09,995 [INFO] Best Target Acc: 50.25% @ Epoch 43
2026-08-02 08:24:09,995 [INFO] --------------------------------------------------
2026-08-02 08:31:14,250 [INFO] 
--------------------------------------------------
2026-08-02 08:31:14,250 [INFO] Epoch 45 Summary:
2026-08-02 08:31:14,250 [INFO] Time: 426.66s
2026-08-02 08:31:14,251 [INFO] Train Acc: 84.87%
2026-08-02 08:31:14,251 [INFO] Source Acc: 79.69%
2026-08-02 08:31:14,251 [INFO] Target Acc: 56.38%
2026-08-02 08:31:14,251 [INFO] Best Target Acc: 56.42% @ Epoch 43
2026-08-02 08:31:14,251 [INFO] --------------------------------------------------
2026-08-02 08:31:17,221 [INFO] 
--------------------------------------------------
2026-08-02 08:31:17,222 [INFO] Epoch 45 Summary:
2026-08-02 08:31:17,222 [INFO] Time: 427.23s
2026-08-02 08:31:17,222 [INFO] Train Acc: 84.81%
2026-08-02 08:31:17,222 [INFO] Source Acc: 77.65%
2026-08-02 08:31:17,222 [INFO] Target Acc: 49.98%
2026-08-02 08:31:17,222 [INFO] Best Target Acc: 50.25% @ Epoch 43
2026-08-02 08:31:17,222 [INFO] --------------------------------------------------
2026-08-02 10:03:10,132 [INFO] 
--------------------------------------------------
2026-08-02 10:03:10,133 [INFO] Epoch 46 Summary:
2026-08-02 10:03:10,133 [INFO] Time: 5512.91s
2026-08-02 10:03:10,133 [INFO] Train Acc: 84.92%
2026-08-02 10:03:10,133 [INFO] Source Acc: 77.72%
2026-08-02 10:03:10,133 [INFO] Target Acc: 50.25%
2026-08-02 10:03:10,133 [INFO] Best Target Acc: 50.25% @ Epoch 43
2026-08-02 10:03:10,134 [INFO] --------------------------------------------------
2026-08-02 10:03:10,171 [INFO] 
--------------------------------------------------
2026-08-02 10:03:10,171 [INFO] Epoch 46 Summary:
2026-08-02 10:03:10,171 [INFO] Time: 5515.92s
2026-08-02 10:03:10,171 [INFO] Train Acc: 85.06%
2026-08-02 10:03:10,171 [INFO] Source Acc: 79.84%
2026-08-02 10:03:10,171 [INFO] Target Acc: 56.32%
2026-08-02 10:03:10,171 [INFO] Best Target Acc: 56.42% @ Epoch 43
2026-08-02 10:03:10,171 [INFO] --------------------------------------------------
2026-08-02 10:11:28,111 [INFO] 
--------------------------------------------------
2026-08-02 10:11:28,111 [INFO] Epoch 47 Summary:
2026-08-02 10:11:28,111 [INFO] Time: 497.94s
2026-08-02 10:11:28,111 [INFO] Train Acc: 84.82%
2026-08-02 10:11:28,111 [INFO] Source Acc: 79.64%
2026-08-02 10:11:28,112 [INFO] Target Acc: 56.35%
2026-08-02 10:11:28,112 [INFO] Best Target Acc: 56.42% @ Epoch 43
2026-08-02 10:11:28,112 [INFO] --------------------------------------------------
2026-08-02 10:11:30,229 [INFO] 
--------------------------------------------------
2026-08-02 10:11:30,229 [INFO] Epoch 47 Summary:
2026-08-02 10:11:30,229 [INFO] Time: 500.10s
2026-08-02 10:11:30,229 [INFO] Train Acc: 84.76%
2026-08-02 10:11:30,229 [INFO] Source Acc: 77.81%
2026-08-02 10:11:30,229 [INFO] Target Acc: 50.38%
2026-08-02 10:11:30,229 [INFO] Best Target Acc: 50.38% @ Epoch 47
2026-08-02 10:11:30,229 [INFO] --------------------------------------------------
2026-08-02 10:19:47,837 [INFO] 
--------------------------------------------------
2026-08-02 10:19:47,838 [INFO] Epoch 48 Summary:
2026-08-02 10:19:47,838 [INFO] Time: 499.73s
2026-08-02 10:19:47,838 [INFO] Train Acc: 84.94%
2026-08-02 10:19:47,838 [INFO] Source Acc: 79.69%
2026-08-02 10:19:47,838 [INFO] Target Acc: 56.68%
2026-08-02 10:19:47,838 [INFO] Best Target Acc: 56.68% @ Epoch 48
2026-08-02 10:19:47,838 [INFO] --------------------------------------------------
2026-08-02 10:19:49,180 [INFO] 
--------------------------------------------------
2026-08-02 10:19:49,180 [INFO] Epoch 48 Summary:
2026-08-02 10:19:49,180 [INFO] Time: 498.95s
2026-08-02 10:19:49,180 [INFO] Train Acc: 85.24%
2026-08-02 10:19:49,180 [INFO] Source Acc: 77.77%
2026-08-02 10:19:49,180 [INFO] Target Acc: 50.31%
2026-08-02 10:19:49,181 [INFO] Best Target Acc: 50.38% @ Epoch 47
2026-08-02 10:19:49,181 [INFO] --------------------------------------------------
2026-08-02 10:28:18,664 [INFO] 
--------------------------------------------------
2026-08-02 10:28:18,665 [INFO] Epoch 49 Summary:
2026-08-02 10:28:18,665 [INFO] Time: 510.83s
2026-08-02 10:28:18,665 [INFO] Train Acc: 85.46%
2026-08-02 10:28:18,665 [INFO] Source Acc: 80.02%
2026-08-02 10:28:18,665 [INFO] Target Acc: 56.71%
2026-08-02 10:28:18,665 [INFO] Best Target Acc: 56.71% @ Epoch 49
2026-08-02 10:28:18,665 [INFO] --------------------------------------------------
2026-08-02 10:28:20,582 [INFO] 
--------------------------------------------------
2026-08-02 10:28:20,582 [INFO] Epoch 49 Summary:
2026-08-02 10:28:20,582 [INFO] Time: 511.40s
2026-08-02 10:28:20,582 [INFO] Train Acc: 85.43%
2026-08-02 10:28:20,583 [INFO] Source Acc: 77.88%
2026-08-02 10:28:20,583 [INFO] Target Acc: 50.57%
2026-08-02 10:28:20,583 [INFO] Best Target Acc: 50.57% @ Epoch 49
2026-08-02 10:28:20,583 [INFO] --------------------------------------------------
2026-08-02 10:36:47,145 [INFO] 
--------------------------------------------------
2026-08-02 10:36:47,146 [INFO] Epoch 50 Summary:
2026-08-02 10:36:47,146 [INFO] Time: 508.48s
2026-08-02 10:36:47,146 [INFO] Train Acc: 85.46%
2026-08-02 10:36:47,146 [INFO] Source Acc: 79.52%
2026-08-02 10:36:47,146 [INFO] Target Acc: 57.04%
2026-08-02 10:36:47,146 [INFO] Best Target Acc: 57.04% @ Epoch 50
2026-08-02 10:36:47,146 [INFO] --------------------------------------------------
2026-08-02 10:36:47,149 [INFO] 
============================================================
2026-08-02 10:36:47,149 [INFO] Training Completed
2026-08-02 10:36:47,150 [INFO] Best Source Accuracy: 79.52%
2026-08-02 10:36:47,150 [INFO] Best Target Accuracy: 57.04%
2026-08-02 10:36:47,150 [INFO] ============================================================
2026-08-02 10:36:49,905 [INFO] 
--------------------------------------------------
2026-08-02 10:36:49,905 [INFO] Epoch 50 Summary:
2026-08-02 10:36:49,905 [INFO] Time: 509.32s
2026-08-02 10:36:49,905 [INFO] Train Acc: 85.59%
2026-08-02 10:36:49,905 [INFO] Source Acc: 77.81%
2026-08-02 10:36:49,906 [INFO] Target Acc: 50.64%
2026-08-02 10:36:49,906 [INFO] Best Target Acc: 50.64% @ Epoch 50
2026-08-02 10:36:49,906 [INFO] --------------------------------------------------
2026-08-02 10:36:49,908 [INFO] 
============================================================
2026-08-02 10:36:49,908 [INFO] Training Completed
2026-08-02 10:36:49,908 [INFO] Best Source Accuracy: 77.81%
2026-08-02 10:36:49,908 [INFO] Best Target Accuracy: 50.64%
2026-08-02 10:36:49,908 [INFO] ============================================================
